21:53:13 **** Incremental Build of configuration Debug for project 0-led-toggle-addr ****
make -j16 all 
arm-none-eabi-gcc "../Src/main.c" -mcpu=cortex-m0 -std=gnu11 -g3 -DDEBUG -DSTM32F030R8Tx -DSTM32 -DSTM32F0 -DNUCLEO_F030R8 -c -I../Inc -O0 -ffunction-sections -fdata-sections -Wall -fstack-usage -MMD -MP -MF"Src/main.d" -MT"Src/main.o" --specs=nano.specs -mfloat-abi=soft -mthumb -o "Src/main.o"
arm-none-eabi-gcc -o "0-led-toggle-addr.elf" @"objects.list"   -mcpu=cortex-m0 -T"/home/rgr/Dropbox/homefiles/directories/development/education/Udemy/embedded-systems-bare-metal-programming/stm32f030r8/0-led-toggle-addr/STM32F030R8TX_FLASH.ld" --specs=nosys.specs -Wl,-Map="0-led-toggle-addr.map" -Wl,--gc-sections -static --specs=nano.specs -mfloat-abi=soft -mthumb -Wl,--start-group -lc -lm -Wl,--end-group
Finished building target: 0-led-toggle-addr.elf
 
arm-none-eabi-size   0-led-toggle-addr.elf 
arm-none-eabi-objdump -h -S  0-led-toggle-addr.elf  > "0-led-toggle-addr.list"
arm-none-eabi-objcopy  -O binary  0-led-toggle-addr.elf  "0-led-toggle-addr.bin"
   text	   data	    bss	    dec	    hex	filename
    556	      8	   1568	   2132	    854	0-led-toggle-addr.elf
Finished building: default.size.stdout
 
Finished building: 0-led-toggle-addr.bin
 
Finished building: 0-led-toggle-addr.list
 

21:53:14 Build Finished. 0 errors, 0 warnings. (took 281ms)

